../Core/Src/Apps/ANIMATION/oled_eyes.c:20:6:eyesInit	8	static
../Core/Src/Apps/ANIMATION/oled_eyes.c:25:6:drawRoundRect	32	static
../Core/Src/Apps/ANIMATION/oled_eyes.c:50:6:drawQuarterCircle	40	static
../Core/Src/Apps/ANIMATION/oled_eyes.c:83:6:drawEyes	32	static
../Core/Src/Apps/ANIMATION/oled_eyes.c:109:6:resetEyes	16	static
../Core/Src/Apps/ANIMATION/oled_eyes.c:126:6:eyesBlink	24	static
../Core/Src/Apps/ANIMATION/oled_eyes.c:152:6:eyesSleep	8	static
../Core/Src/Apps/ANIMATION/oled_eyes.c:163:6:eyesWakeup	16	static
../Core/Src/Apps/ANIMATION/oled_eyes.c:180:6:eyesHappy	72	static
../Core/Src/Apps/ANIMATION/oled_eyes.c:228:6:eyesSaccade	40	static
../Core/Src/Apps/ANIMATION/oled_eyes.c:259:6:eyesMoveBigEye	48	static
../Core/Src/Apps/ANIMATION/oled_eyes.c:343:6:eyesMoveRightBigEye	8	static
../Core/Src/Apps/ANIMATION/oled_eyes.c:348:6:eyesMoveLeftBigEye	8	static
../Core/Src/Apps/ANIMATION/oled_eyes.c:353:6:eyesSurprisedAnimation	64	static
../Core/Src/Apps/ANIMATION/oled_eyes.c:423:6:eyesSadAnimation	96	static
../Core/Src/Apps/ANIMATION/oled_eyes.c:545:6:eyesLaunchAnimation	32	static
